{
  "@timestamp": "2017-04-12T22:48:11.036Z",
  "sequence": 59,
  "category": "audit-rule",
  "record_type": "syscall",
  "result": "success",
  "session": "802",
  "actor": {
    "primary": "1000",
    "secondary": "1000",
    "attrs": {
      "egid": "1001",
      "euid": "1000",
      "fsgid": "1001",
      "fsuid": "1000",
      "gid": "1001",
      "sgid": "1001",
      "suid": "1000"
    },
    "subject": {
      "category": "c0.c1023",
      "domain": "unconfined_t",
      "level": "s0-s0",
      "role": "unconfined_r",
      "user": "unconfined_u"
    }
  },
  "thing": {
    "primary": "/usr/bin/grep",
    "secondary": "2512",
    "what": "file"
  },
  "action": "executed",
  "how": "/usr/bin/grep",
  "key": "user_commands",
  "data": {
    "a0": "1522170",
    "a1": "1506120",
    "a2": "14faeb0",
    "a3": "7ffcc4582df0",
    "arch": "x86_64",
    "argc": "3",
    "cmdline": "\"grep\" \"--color=auto\" \"mapping\"",
    "comm": "grep",
    "cwd": "/home/andrew_kroh",
    "exe": "/usr/bin/grep",
    "exit": "0",
    "pid": "13393",
    "ppid": "12041",
    "syscall": "execve",
    "tty": "pts1"
  },
  "paths": [
    {
      "dev": "08:01",
      "inode": "2512",
      "item": "0",
      "mode": "0100755",
      "name": "/usr/bin/grep",
      "obj_domain": "bin_t",
      "obj_level": "s0",
      "obj_role": "object_r",
      "obj_user": "system_u",
      "objtype": "NORMAL",
      "ogid": "0",
      "ouid": "0",
      "rdev": "00:00"
    },
    {
      "dev": "08:01",
      "inode": "19161168",
      "item": "1",
      "mode": "0100755",
      "name": "/lib64/ld-linux-x86-64.so.2",
      "obj_domain": "ld_so_t",
      "obj_level": "s0",
      "obj_role": "object_r",
      "obj_user": "system_u",
      "objtype": "NORMAL",
      "ogid": "0",
      "ouid": "0",
      "rdev": "00:00"
    }
  ]
}
