{
  "@timestamp": "2017-04-12T19:57:42.361Z",
  "sequence": 1316151,
  "category": "audit-rule",
  "record_type": "syscall",
  "result": "success",
  "session": "unset",
  "actor": {
    "primary": "unset",
    "secondary": "0",
    "attrs": {
      "egid": "0",
      "euid": "0",
      "fsgid": "0",
      "fsuid": "0",
      "gid": "0",
      "sgid": "0",
      "suid": "0"
    },
    "subject": {
      "domain": "systemd_logind_t",
      "level": "s0",
      "role": "system_r",
      "user": "system_u"
    }
  },
  "thing": {},
  "action": "sent-to",
  "how": "/usr/lib/systemd/systemd-logind",
  "data": {
    "a0": "14",
    "a1": "7ffe911f2610",
    "a2": "4000",
    "a3": "ffffffffffffffa9",
    "arch": "x86_64",
    "comm": "systemd-logind",
    "cwd": "/",
    "exe": "/usr/lib/systemd/systemd-logind",
    "exit": "10",
    "pid": "385",
    "ppid": "1",
    "syscall": "sendmsg",
    "tty": "(none)"
  },
  "paths": [
    {
      "dev": "00:13",
      "inode": "6504",
      "item": "0",
      "mode": "0140777",
      "name": "/run/systemd/notify",
      "obj_domain": "init_var_run_t",
      "obj_level": "s0",
      "obj_role": "object_r",
      "obj_user": "system_u",
      "objtype": "NORMAL",
      "ogid": "0",
      "ouid": "0",
      "rdev": "00:00"
    }
  ],
  "socket": {
    "address_family": "unix",
    "path": "/run/systemd/notify"
  }
}
