{
  "@timestamp": "2017-04-19T18:19:50.183Z",
  "sequence": 4083,
  "category": "system-services",
  "record_type": "service_start",
  "result": "success",
  "session": "unset",
  "actor": {
    "primary": "unset",
    "secondary": "0"
  },
  "thing": {},
  "data": {
    "comm": "systemd",
    "exe": "/lib/systemd/systemd",
    "pid": "1",
    "unit": "rsyslog"
  }
}
