{
  "@timestamp": "2017-04-19T03:17:01.754Z",
  "sequence": 489,
  "category": "user-login",
  "record_type": "user_start",
  "result": "success",
  "session": "7",
  "actor": {
    "primary": "0",
    "secondary": "0"
  },
  "thing": {},
  "data": {
    "acct": "root",
    "exe": "/usr/sbin/cron",
    "op": "PAM:session_open",
    "pid": "3235",
    "terminal": "cron"
  }
}
