{
  "@timestamp": "2017-04-19T03:17:01.754Z",
  "auid": "0",
  "category": "user-login",
  "result": "success",
  "sequence": 489,
  "session": "7",
  "user_start": {
    "acct": "root",
    "exe": "/usr/sbin/cron",
    "op": "PAM:session_open",
    "pid": "3235",
    "terminal": "cron",
    "uid": "0"
  }
}
